

c:\Program Files\MetaTrader 5\MQL5\Experts\misape\Consolidated_Misape_Bot.mq5 : information: compiling 'Consolidated_Misape_Bot.mq5'
c:\Program Files\MetaTrader 5\MQL5\Experts\misape\Consolidated_Misape_Bot.mq5 : information: including c:\Program Files\MetaTrader 5\MQL5\Include\Trade\Trade.mqh
c:\Program Files\MetaTrader 5\MQL5\Include\Trade\Trade.mqh : information: including c:\Program Files\MetaTrader 5\MQL5\Include\Object.mqh
c:\Program Files\MetaTrader 5\MQL5\Include\Object.mqh : information: including c:\Program Files\MetaTrader 5\MQL5\Include\StdLibErr.mqh
c:\Program Files\MetaTrader 5\MQL5\Include\Trade\Trade.mqh : information: including c:\Program Files\MetaTrader 5\MQL5\Include\Trade\OrderInfo.mqh
c:\Program Files\MetaTrader 5\MQL5\Include\Trade\Trade.mqh : information: including c:\Program Files\MetaTrader 5\MQL5\Include\Trade\HistoryOrderInfo.mqh
c:\Program Files\MetaTrader 5\MQL5\Include\Trade\Trade.mqh : information: including c:\Program Files\MetaTrader 5\MQL5\Include\Trade\PositionInfo.mqh
c:\Program Files\MetaTrader 5\MQL5\Include\Trade\Trade.mqh : information: including c:\Program Files\MetaTrader 5\MQL5\Include\Trade\DealInfo.mqh
c:\Program Files\MetaTrader 5\MQL5\Experts\misape\Consolidated_Misape_Bot.mq5(836,68) : error 155: 'matrix' - comma expected
c:\Program Files\MetaTrader 5\MQL5\Experts\misape\Consolidated_Misape_Bot.mq5(9761,68) : error 155: 'matrix' - comma expected
c:\Program Files\MetaTrader 5\MQL5\Experts\misape\Consolidated_Misape_Bot.mq5(9765,15) : error 149: '.' - unexpected token
c:\Program Files\MetaTrader 5\MQL5\Experts\misape\Consolidated_Misape_Bot.mq5(9765,15) : error 280: object required
c:\Program Files\MetaTrader 5\MQL5\Experts\misape\Consolidated_Misape_Bot.mq5(9765,16) : error 256: 'geometric_accuracy' - undeclared identifier
c:\Program Files\MetaTrader 5\MQL5\Experts\misape\Consolidated_Misape_Bot.mq5(9766,15) : error 149: '.' - unexpected token
c:\Program Files\MetaTrader 5\MQL5\Experts\misape\Consolidated_Misape_Bot.mq5(9766,15) : error 280: object required
c:\Program Files\MetaTrader 5\MQL5\Experts\misape\Consolidated_Misape_Bot.mq5(9766,16) : error 256: 'volume_confirmation' - undeclared identifier
c:\Program Files\MetaTrader 5\MQL5\Experts\misape\Consolidated_Misape_Bot.mq5(9767,15) : error 149: '.' - unexpected token
c:\Program Files\MetaTrader 5\MQL5\Experts\misape\Consolidated_Misape_Bot.mq5(9767,15) : error 280: object required
c:\Program Files\MetaTrader 5\MQL5\Experts\misape\Consolidated_Misape_Bot.mq5(9767,16) : error 256: 'momentum_alignment' - undeclared identifier
c:\Program Files\MetaTrader 5\MQL5\Experts\misape\Consolidated_Misape_Bot.mq5(9768,15) : error 149: '.' - unexpected token
c:\Program Files\MetaTrader 5\MQL5\Experts\misape\Consolidated_Misape_Bot.mq5(9768,15) : error 280: object required
c:\Program Files\MetaTrader 5\MQL5\Experts\misape\Consolidated_Misape_Bot.mq5(9768,16) : error 256: 'market_context' - undeclared identifier
c:\Program Files\MetaTrader 5\MQL5\Experts\misape\Consolidated_Misape_Bot.mq5(9769,15) : error 149: '.' - unexpected token
c:\Program Files\MetaTrader 5\MQL5\Experts\misape\Consolidated_Misape_Bot.mq5(9769,15) : error 280: object required
c:\Program Files\MetaTrader 5\MQL5\Experts\misape\Consolidated_Misape_Bot.mq5(9769,16) : error 256: 'historical_success' - undeclared identifier
c:\Program Files\MetaTrader 5\MQL5\Experts\misape\Consolidated_Misape_Bot.mq5(9900,29) : error 149: 'matrix' - unexpected token
c:\Program Files\MetaTrader 5\MQL5\Experts\misape\Consolidated_Misape_Bot.mq5(9901,11) : error 228: '.' - name expected
c:\Program Files\MetaTrader 5\MQL5\Experts\misape\Consolidated_Misape_Bot.mq5(9901,90) : error 125: variable already defined
c:\Program Files\MetaTrader 5\MQL5\Experts\misape\Consolidated_Misape_Bot.mq5 : information: info    see declaration of variable '"double CalculateProfessionalPatternConfidence(double,double,bool,bool)"::pattern_size'
c:\Program Files\MetaTrader 5\MQL5\Experts\misape\Consolidated_Misape_Bot.mq5(9901,104) : error 125: variable already defined
c:\Program Files\MetaTrader 5\MQL5\Experts\misape\Consolidated_Misape_Bot.mq5 : information: info    see declaration of variable '"double CalculateProfessionalPatternConfidence(double,double,bool,bool)"::symmetry_ratio'
c:\Program Files\MetaTrader 5\MQL5\Experts\misape\Consolidated_Misape_Bot.mq5(9901,120) : error 228: '1.0' - name expected
c:\Program Files\MetaTrader 5\MQL5\Experts\misape\Consolidated_Misape_Bot.mq5(9902,11) : error 228: '.' - name expected
c:\Program Files\MetaTrader 5\MQL5\Experts\misape\Consolidated_Misape_Bot.mq5(9902,80) : error 228: '1.0' - name expected
c:\Program Files\MetaTrader 5\MQL5\Experts\misape\Consolidated_Misape_Bot.mq5(9903,11) : error 228: '.' - name expected
c:\Program Files\MetaTrader 5\MQL5\Experts\misape\Consolidated_Misape_Bot.mq5(9904,11) : error 228: '.' - name expected
c:\Program Files\MetaTrader 5\MQL5\Experts\misape\Consolidated_Misape_Bot.mq5(9905,11) : error 228: '.' - name expected
c:\Program Files\MetaTrader 5\MQL5\Experts\misape\Consolidated_Misape_Bot.mq5(9907,53) : error 149: ')' - unexpected token
c:\Program Files\MetaTrader 5\MQL5\Experts\misape\Consolidated_Misape_Bot.mq5(9907,47) : error 239: 'matrix' - syntax error
c:\Program Files\MetaTrader 5\MQL5\Experts\misape\Consolidated_Misape_Bot.mq5(9911,5) : error 154: 'if' - semicolon expected
c:\Program Files\MetaTrader 5\MQL5\Experts\misape\Consolidated_Misape_Bot.mq5(9910,43) : error 157: '{' - expression expected
c:\Program Files\MetaTrader 5\MQL5\Experts\misape\Consolidated_Misape_Bot.mq5(9910,43) : error 152: '{' - some operator expected
c:\Program Files\MetaTrader 5\MQL5\Experts\misape\Consolidated_Misape_Bot.mq5(9911,5) : error 154: 'if' - semicolon expected
c:\Program Files\MetaTrader 5\MQL5\Experts\misape\Consolidated_Misape_Bot.mq5(9919,53) : error 256: 'pattern' - undeclared identifier
c:\Program Files\MetaTrader 5\MQL5\Experts\misape\Consolidated_Misape_Bot.mq5(9919,53) : error 246: cannot convert parameter 'const unknown' to 'const DetectedPattern&'
c:\Program Files\MetaTrader 5\MQL5\Experts\misape\Consolidated_Misape_Bot.mq5 : information: info    void DetectedPattern::operator=(const DetectedPattern&)
c:\Program Files\MetaTrader 5\MQL5\Experts\misape\Consolidated_Misape_Bot.mq5(9919,51) : error 280: 'operator=' - object required
c:\Program Files\MetaTrader 5\MQL5\Experts\misape\Consolidated_Misape_Bot.mq5(9922,1) : error 141: '}' - '{' beginning bracket expected
c:\Program Files\MetaTrader 5\MQL5\Experts\misape\Consolidated_Misape_Bot.mq5(9913,59) : error 152: '++' - some operator expected
c:\Program Files\MetaTrader 5\MQL5\Experts\misape\Consolidated_Misape_Bot.mq5(9913,58) : warning 95: expression has no effect
c:\Program Files\MetaTrader 5\MQL5\Experts\misape\Consolidated_Misape_Bot.mq5(9916,33) : error 152: '--' - some operator expected
c:\Program Files\MetaTrader 5\MQL5\Experts\misape\Consolidated_Misape_Bot.mq5(9916,9) : warning 95: expression has no effect
c:\Program Files\MetaTrader 5\MQL5\Experts\misape\Consolidated_Misape_Bot.mq5(9920,29) : error 152: '++' - some operator expected
c:\Program Files\MetaTrader 5\MQL5\Experts\misape\Consolidated_Misape_Bot.mq5(9920,5) : warning 95: expression has no effect
Result: 40 errors, 3 warnings
